SISIM SIMULATIONS:  Sondajes de exploracion                                     
 1   40   60   12  5.0000000      5.0000000      6.0000000      10.0000      10.0000      12.0000      16
Simulated Value
